
> flash-ecommerce@0.1.0 build
> next build

Γû▓ Next.js 16.1.6 (Turbopack)
- Environments: .env.local
- Experiments (use with caution):
  ┬╖ optimizePackageImports
  ┬╖ serverActions

  Creating an optimized production build ...
Γ£ô Compiled successfully in 55s
  Running TypeScript ...
node.exe : Failed to compile.
At line:1 char:1
+ & "C:\Program Files\nodejs/node.exe" 
"C:\Users\rjsan\AppData\Roaming\ ...
+ ~~~~~~~~~~~~~~~~~~~~~~~~~~~~~~~~~~~~~~~~
~~~~~~~~~~~~~~~~~~~~~~~~~~~~~
    + CategoryInfo          : NotSpecifie 
   d: (Failed to compile.:String) [], Re  
  moteException
    + FullyQualifiedErrorId : NativeComma 
   ndError
 

./components/products/quick-add-dialog.tsx
:47:28
Type error: Cannot find name 'useMemo'.

[0m [90m 45 |[39m
 [90m 46 |[39m   [90m// Enterprise 
Initial State[39m
[31m[1m>[22m[39m[90m 47 |[39m   
[36mconst[39m initialStockItem 
[33m=[39m useMemo(() [33m=>[39m {
 [90m    |[39m                          
  [31m[1m^[22m[39m
 [90m 48 |[39m     [36mreturn[39m 
(product[33m.[39mproduct_stock 
[33m||[39m 
[])[33m.[39mfind((s[33m:[39m any) 
[33m=>[39m s[33m.[39mquantity 
[33m>[39m [35m0[39m)[33m;[39m
 [90m 49 |[39m   }[33m,[39m [product[
33m.[39mproduct_stock])[33m;[39m
 [90m 50 |[39m[0m
Next.js build worker exited with code: 1 
and signal: null
